
Memory Configuration

Name             Origin             Length             Attributes
flash            0x08000000         0x00020000         xr
sram             0x20000000         0x00005000         xrw
*default*        0x00000000         0xffffffff

Linker script and memory map


.text           0x08000000      0x264
 *(.vectors*)
 .vectors       0x08000000       0x1c startup.o
                0x08000000                vectors
 *(.text*)
 .text          0x0800001c       0x24 ALarm_Actuator.o
                0x0800001c                Start_Alarm
 .text          0x08000040      0x10c driver.o
                0x08000040                Delay
                0x08000064                getPressureVal
                0x0800007c                Set_Alarm_actuator
                0x080000cc                GPIO_INITIALIZATION
 .text          0x0800014c       0x1c main.o
                0x0800014c                main
 .text          0x08000168       0x28 Pdetection.o
                0x08000168                Waiting
 .text          0x08000190       0x18 Preader.o
                0x08000190                Pressure_Reader
 .text          0x080001a8       0xbc startup.o
                0x080001a8                Bus_fault
                0x080001a8                MM_fault_Handler
                0x080001a8                Usage_fault_Handler
                0x080001a8                H_fault_Handler
                0x080001a8                Default_Handler
                0x080001a8                NMI_Handler
                0x080001b4                Reset_Handler
 *(.rodata)
                0x08000264                _E_text = .

.glue_7         0x08000264        0x0
 .glue_7        0x00000000        0x0 linker stubs

.glue_7t        0x08000264        0x0
 .glue_7t       0x00000000        0x0 linker stubs

.vfp11_veneer   0x08000264        0x0
 .vfp11_veneer  0x00000000        0x0 linker stubs

.v4_bx          0x08000264        0x0
 .v4_bx         0x00000000        0x0 linker stubs

.iplt           0x08000264        0x0
 .iplt          0x00000000        0x0 ALarm_Actuator.o

.rel.dyn        0x08000264        0x0
 .rel.iplt      0x00000000        0x0 ALarm_Actuator.o

.data           0x20000000        0x0 load address 0x08000264
                0x20000000                _S_DATA = .
 *(.data)
 .data          0x20000000        0x0 ALarm_Actuator.o
 .data          0x20000000        0x0 driver.o
 .data          0x20000000        0x0 main.o
 .data          0x20000000        0x0 Pdetection.o
 .data          0x20000000        0x0 Preader.o
 .data          0x20000000        0x0 startup.o
                0x20000000                . = ALIGN (0x4)
                0x20000000                _E_DATA = .

.igot.plt       0x20000000        0x0 load address 0x08000264
 .igot.plt      0x00000000        0x0 ALarm_Actuator.o

.bss            0x20000000     0x1004 load address 0x08000264
                0x20000000                _S_bss = .
 *(.bss*)
 .bss           0x20000000        0x0 ALarm_Actuator.o
 .bss           0x20000000        0x0 driver.o
 .bss           0x20000000        0x0 main.o
 .bss           0x20000000        0x0 Pdetection.o
 .bss           0x20000000        0x4 Preader.o
                0x20000000                pVal
 .bss           0x20000004        0x0 startup.o
                0x20000004                _E_bss = .
                0x20000004                . = ALIGN (0x4)
                0x20001004                . = (. + 0x1000)
 *fill*         0x20000004     0x1000 
                0x20001004                _stack_top = .
LOAD ALarm_Actuator.o
LOAD driver.o
LOAD main.o
LOAD Pdetection.o
LOAD Preader.o
LOAD startup.o
OUTPUT(Pressure_Sensor.elf elf32-littlearm)

.debug_info     0x00000000      0x4e2
 .debug_info    0x00000000       0x8f ALarm_Actuator.o
 .debug_info    0x0000008f      0x103 driver.o
 .debug_info    0x00000192       0xad main.o
 .debug_info    0x0000023f       0x9c Pdetection.o
 .debug_info    0x000002db       0xa1 Preader.o
 .debug_info    0x0000037c      0x166 startup.o

.debug_abbrev   0x00000000      0x2a0
 .debug_abbrev  0x00000000       0x40 ALarm_Actuator.o
 .debug_abbrev  0x00000040       0x9d driver.o
 .debug_abbrev  0x000000dd       0x61 main.o
 .debug_abbrev  0x0000013e       0x51 Pdetection.o
 .debug_abbrev  0x0000018f       0x51 Preader.o
 .debug_abbrev  0x000001e0       0xc0 startup.o

.debug_loc      0x00000000      0x1dc
 .debug_loc     0x00000000       0x2c ALarm_Actuator.o
 .debug_loc     0x0000002c       0xc8 driver.o
 .debug_loc     0x000000f4       0x2c main.o
 .debug_loc     0x00000120       0x2c Pdetection.o
 .debug_loc     0x0000014c       0x2c Preader.o
 .debug_loc     0x00000178       0x64 startup.o

.debug_aranges  0x00000000       0xc0
 .debug_aranges
                0x00000000       0x20 ALarm_Actuator.o
 .debug_aranges
                0x00000020       0x20 driver.o
 .debug_aranges
                0x00000040       0x20 main.o
 .debug_aranges
                0x00000060       0x20 Pdetection.o
 .debug_aranges
                0x00000080       0x20 Preader.o
 .debug_aranges
                0x000000a0       0x20 startup.o

.debug_line     0x00000000      0x25a
 .debug_line    0x00000000       0x44 ALarm_Actuator.o
 .debug_line    0x00000044       0x9b driver.o
 .debug_line    0x000000df       0x46 main.o
 .debug_line    0x00000125       0x4e Pdetection.o
 .debug_line    0x00000173       0x3b Preader.o
 .debug_line    0x000001ae       0xac startup.o

.debug_str      0x00000000      0x1d8
 .debug_str     0x00000000       0xce ALarm_Actuator.o
                                0x107 (size before relaxing)
 .debug_str     0x000000ce       0x55 driver.o
                                0x13f (size before relaxing)
 .debug_str     0x00000123       0x14 main.o
                                 0xfe (size before relaxing)
 .debug_str     0x00000137       0x12 Pdetection.o
                                0x104 (size before relaxing)
 .debug_str     0x00000149       0x1a Preader.o
                                0x109 (size before relaxing)
 .debug_str     0x00000163       0x75 startup.o
                                0x163 (size before relaxing)

.comment        0x00000000       0x11
 .comment       0x00000000       0x11 ALarm_Actuator.o
                                 0x12 (size before relaxing)
 .comment       0x00000000       0x12 driver.o
 .comment       0x00000000       0x12 main.o
 .comment       0x00000000       0x12 Pdetection.o
 .comment       0x00000000       0x12 Preader.o
 .comment       0x00000000       0x12 startup.o

.ARM.attributes
                0x00000000       0x33
 .ARM.attributes
                0x00000000       0x33 ALarm_Actuator.o
 .ARM.attributes
                0x00000033       0x33 driver.o
 .ARM.attributes
                0x00000066       0x33 main.o
 .ARM.attributes
                0x00000099       0x33 Pdetection.o
 .ARM.attributes
                0x000000cc       0x33 Preader.o
 .ARM.attributes
                0x000000ff       0x33 startup.o

.debug_frame    0x00000000      0x174
 .debug_frame   0x00000000       0x2c ALarm_Actuator.o
 .debug_frame   0x0000002c       0x78 driver.o
 .debug_frame   0x000000a4       0x2c main.o
 .debug_frame   0x000000d0       0x2c Pdetection.o
 .debug_frame   0x000000fc       0x2c Preader.o
 .debug_frame   0x00000128       0x4c startup.o
